// Jest Snapshot v1, https://goo.gl/fbAQLP

exports[`Renders correctly with data 1`] = `
<div
  className="MuiGrid-container-1"
>
  <p
    className="MuiTypography-root-98 MuiTypography-body1-107"
  >
    this.props.candidate
  </p>
</div>
`;

exports[`Renders correctly with no data 1`] = `<div />`;
