// Jest Snapshot v1, https://goo.gl/fbAQLP

exports[`Renders correctly 1`] = `
<div>
  <header>
    Educator network members:
  </header>
  <ul>
    <li>
      0x0123
    </li>
    <li>
      0xABCD
    </li>
  </ul>
</div>
`;
